// Jest Snapshot v1, https://goo.gl/fbAQLP

exports[`Home screen matches snapshot 1`] = `
<RNCSafeAreaView
  edges={
    Array [
      "bottom",
    ]
  }
  style={
    Object {
      "backgroundColor": "#141513",
      "flex": 1,
    }
  }
>
  <View
    style={
      Object {
        "backgroundColor": "#FFFFFF",
        "flex": 1,
        "padding": 20,
        "paddingTop": 40,
      }
    }
  >
    <TextInput
      onChangeText={[Function]}
      placeholder="Enter a name"
      style={
        Object {
          "backgroundColor": "#FFFFFF",
          "borderColor": "#141513",
          "borderWidth": 1,
          "marginVertical": 10,
          "paddingHorizontal": 15,
          "paddingVertical": 10,
        }
      }
      value=""
    />
    <View
      style={
        Object {
          "alignItems": "center",
          "minHeight": 30,
        }
      }
    />
    <View
      accessibilityRole="button"
      accessibilityState={
        Object {
          "disabled": true,
        }
      }
      accessible={true}
      collapsable={false}
      focusable={true}
      onClick={[Function]}
      onResponderGrant={[Function]}
      onResponderMove={[Function]}
      onResponderRelease={[Function]}
      onResponderTerminate={[Function]}
      onResponderTerminationRequest={[Function]}
      onStartShouldSetResponder={[Function]}
      style={
        Object {
          "alignItems": "center",
          "backgroundColor": "#EDEDED",
          "borderColor": "#DDD",
          "borderWidth": 2,
          "justifyContent": "center",
          "marginHorizontal": 25,
          "marginTop": 10,
          "opacity": 1,
          "padding": 15,
        }
      }
    >
      <Text
        style={
          Object {
            "color": "#141513",
            "fontSize": 18,
          }
        }
      >
        Get Gender
      </Text>
    </View>
    <View
      accessibilityRole="button"
      accessible={true}
      collapsable={false}
      focusable={true}
      onClick={[Function]}
      onResponderGrant={[Function]}
      onResponderMove={[Function]}
      onResponderRelease={[Function]}
      onResponderTerminate={[Function]}
      onResponderTerminationRequest={[Function]}
      onStartShouldSetResponder={[Function]}
      style={
        Object {
          "alignItems": "center",
          "backgroundColor": "#141513",
          "bottom": 0,
          "flex": 1,
          "justifyContent": "center",
          "left": 0,
          "opacity": 1,
          "padding": 25,
          "position": "absolute",
          "right": 0,
        }
      }
    >
      <Text
        style={
          Object {
            "color": "#FFFFFF",
            "fontSize": 22,
            "fontWeight": "bold",
          }
        }
      >
        To Statistics
      </Text>
    </View>
  </View>
</RNCSafeAreaView>
`;
